Archive member included to satisfy reference by file (symbol)

C:/Espressif/tools/riscv32-esp-elf/esp-15.2.0_20251204/riscv32-esp-elf/bin/../lib/gcc/riscv32-esp-elf/15.2.0/rv32imac_zicsr_zifencei_zaamo_zalrsc/ilp32\libgcc.a(_ashrdi3.o)
                              CMakeFiles/ulp_drivers_lp_wake.dir/C_/esp/v6.0/esp-idf/components/ulp/lp_core/lp_core/lp_core_print.c.obj (__ashrdi3)
C:/Espressif/tools/riscv32-esp-elf/esp-15.2.0_20251204/riscv32-esp-elf/bin/../lib/gcc/riscv32-esp-elf/15.2.0/rv32imac_zicsr_zifencei_zaamo_zalrsc/ilp32\libgcc.a(_udivdi3.o)
                              CMakeFiles/ulp_drivers_lp_wake.dir/C_/esp/v6.0/esp-idf/components/ulp/lp_core/shared/ulp_lp_core_lp_timer_shared.c.obj (__udivdi3)
C:/Espressif/tools/riscv32-esp-elf/esp-15.2.0_20251204/riscv32-esp-elf/bin/../lib/gcc/riscv32-esp-elf/15.2.0/rv32imac_zicsr_zifencei_zaamo_zalrsc/ilp32\libgcc.a(_umoddi3.o)
                              CMakeFiles/ulp_drivers_lp_wake.dir/C_/esp/v6.0/esp-idf/components/ulp/lp_core/lp_core/lp_core_print.c.obj (__umoddi3)
C:/Espressif/tools/riscv32-esp-elf/esp-15.2.0_20251204/riscv32-esp-elf/bin/../lib/gcc/riscv32-esp-elf/15.2.0/rv32imac_zicsr_zifencei_zaamo_zalrsc/ilp32\libgcc.a(_clz.o)
                              C:/Espressif/tools/riscv32-esp-elf/esp-15.2.0_20251204/riscv32-esp-elf/bin/../lib/gcc/riscv32-esp-elf/15.2.0/rv32imac_zicsr_zifencei_zaamo_zalrsc/ilp32\libgcc.a(_udivdi3.o) (__clz_tab)
C:/Espressif/tools/riscv32-esp-elf/esp-15.2.0_20251204/riscv32-esp-elf/bin/../lib/gcc/riscv32-esp-elf/15.2.0/../../../../riscv32-esp-elf/lib/rv32imac_zicsr_zifencei_zaamo_zalrsc/ilp32\libg_nano.a(libc_a-memset.o)
                              CMakeFiles/ulp_drivers_lp_wake.dir/C_/esp/v6.0/esp-idf/components/ulp/lp_core/lp_core/port/lp_core_mailbox_impl_sw.c.obj (memset)
C:/Espressif/tools/riscv32-esp-elf/esp-15.2.0_20251204/riscv32-esp-elf/bin/../lib/gcc/riscv32-esp-elf/15.2.0/../../../../riscv32-esp-elf/lib/rv32imac_zicsr_zifencei_zaamo_zalrsc/ilp32\libg_nano.a(libc_a-strlen.o)
                              CMakeFiles/ulp_drivers_lp_wake.dir/C_/esp/v6.0/esp-idf/components/ulp/lp_core/lp_core/lp_core_print.c.obj (strlen)

Discarded input sections

 .text          0x00000000        0x0 CMakeFiles/ulp_drivers_lp_wake.dir/C_/Users/weyst/Documents/ProtoTracer-Remote/firmware/components/drivers/ulp/lp_wake_main.c.obj
 .data          0x00000000        0x0 CMakeFiles/ulp_drivers_lp_wake.dir/C_/Users/weyst/Documents/ProtoTracer-Remote/firmware/components/drivers/ulp/lp_wake_main.c.obj
 .bss           0x00000000        0x0 CMakeFiles/ulp_drivers_lp_wake.dir/C_/Users/weyst/Documents/ProtoTracer-Remote/firmware/components/drivers/ulp/lp_wake_main.c.obj
 .text          0x00000000        0x0 CMakeFiles/ulp_drivers_lp_wake.dir/C_/esp/v6.0/esp-idf/components/ulp/lp_core/lp_core/start.S.obj
 .data          0x00000000        0x0 CMakeFiles/ulp_drivers_lp_wake.dir/C_/esp/v6.0/esp-idf/components/ulp/lp_core/lp_core/start.S.obj
 .bss           0x00000000        0x0 CMakeFiles/ulp_drivers_lp_wake.dir/C_/esp/v6.0/esp-idf/components/ulp/lp_core/lp_core/start.S.obj
 .text          0x00000000        0x0 CMakeFiles/ulp_drivers_lp_wake.dir/C_/esp/v6.0/esp-idf/components/ulp/lp_core/lp_core/vector.S.obj
 .data          0x00000000        0x0 CMakeFiles/ulp_drivers_lp_wake.dir/C_/esp/v6.0/esp-idf/components/ulp/lp_core/lp_core/vector.S.obj
 .bss           0x00000000        0x0 CMakeFiles/ulp_drivers_lp_wake.dir/C_/esp/v6.0/esp-idf/components/ulp/lp_core/lp_core/vector.S.obj
 .text          0x00000000        0x0 CMakeFiles/ulp_drivers_lp_wake.dir/C_/esp/v6.0/esp-idf/components/ulp/lp_core/lp_core/port/esp32c6/vector_table.S.obj
 .data          0x00000000        0x0 CMakeFiles/ulp_drivers_lp_wake.dir/C_/esp/v6.0/esp-idf/components/ulp/lp_core/lp_core/port/esp32c6/vector_table.S.obj
 .bss           0x00000000        0x0 CMakeFiles/ulp_drivers_lp_wake.dir/C_/esp/v6.0/esp-idf/components/ulp/lp_core/lp_core/port/esp32c6/vector_table.S.obj
 .text          0x00000000        0x0 CMakeFiles/ulp_drivers_lp_wake.dir/C_/esp/v6.0/esp-idf/components/ulp/lp_core/shared/ulp_lp_core_memory_shared.c.obj
 .data          0x00000000        0x0 CMakeFiles/ulp_drivers_lp_wake.dir/C_/esp/v6.0/esp-idf/components/ulp/lp_core/shared/ulp_lp_core_memory_shared.c.obj
 .bss           0x00000000        0x0 CMakeFiles/ulp_drivers_lp_wake.dir/C_/esp/v6.0/esp-idf/components/ulp/lp_core/shared/ulp_lp_core_memory_shared.c.obj
 .text          0x00000000        0x0 CMakeFiles/ulp_drivers_lp_wake.dir/C_/esp/v6.0/esp-idf/components/ulp/lp_core/shared/ulp_lp_core_lp_uart_shared.c.obj
 .data          0x00000000        0x0 CMakeFiles/ulp_drivers_lp_wake.dir/C_/esp/v6.0/esp-idf/components/ulp/lp_core/shared/ulp_lp_core_lp_uart_shared.c.obj
 .bss           0x00000000        0x0 CMakeFiles/ulp_drivers_lp_wake.dir/C_/esp/v6.0/esp-idf/components/ulp/lp_core/shared/ulp_lp_core_lp_uart_shared.c.obj
 .text.lp_core_uart_wakeup_setup
[...]
Memory Configuration

Name             Origin             Length             Attributes
vector_table     0x50000000         0x00000080         xr
ram              0x50000080         0x00001f30         xrw
shared_mem_ram   0x50001fb0         0x00000010         rw
*default*        0x00000000         0xffffffff

Linker script and memory map

LOAD C:/esp/v6.0/esp-idf/components/soc/esp32c6/ld/esp32c6.peripherals.ld
                0x60000000                        PROVIDE (UART0 = 0x60000000)
                0x60001000                        PROVIDE (UART1 = 0x60001000)
                [!provide]                        PROVIDE (SPIMEM0 = 0x60002000)
                [!provide]                        PROVIDE (SPIMEM1 = 0x60003000)
                [!provide]                        PROVIDE (I2C0 = 0x60004000)
                [!provide]                        PROVIDE (UHCI0 = 0x60005000)
                [!provide]                        PROVIDE (RMT = 0x60006000)
                [!provide]                        PROVIDE (RMTMEM = 0x60006400)
                [!provide]                        PROVIDE (LEDC = 0x60007000)
                [!provide]                        PROVIDE (TIMERG0 = 0x60008000)
                [!provide]                        PROVIDE (TIMERG1 = 0x60009000)
                [!provide]                        PROVIDE (SYSTIMER = 0x6000a000)
                [!provide]                        PROVIDE (TWAI0 = 0x6000b000)
                [!provide]                        PROVIDE (I2S0 = 0x6000c000)
                [!provide]                        PROVIDE (TWAI1 = 0x6000d000)
                [!provide]                        PROVIDE (APB_SARADC = 0x6000e000)
                [!provide]                        PROVIDE (USB_SERIAL_JTAG = 0x6000f000)
                [!provide]                        PROVIDE (INTMTX = 0x60010000)
                [!provide]                        PROVIDE (ATOMIC_LOCKER = 0x60011000)
                [!provide]                        PROVIDE (PCNT = 0x60012000)
                [!provide]                        PROVIDE (SOC_ETM = 0x60013000)
                [!provide]                        PROVIDE (MCPWM0 = 0x60014000)
                [!provide]                        PROVIDE (PARL_IO = 0x60015000)
                [!provide]                        PROVIDE (HINF = 0x60016000)
                [!provide]                        PROVIDE (SLC = 0x60017000)
                [!provide]                        PROVIDE (HOST = 0x60018000)
                [!provide]                        PROVIDE (PVT_MONITOR = 0x60019000)
                [!provide]                        PROVIDE (GDMA = 0x60080000)
                [!provide]                        PROVIDE (GPSPI2 = 0x60081000)
                [!provide]                        PROVIDE (AES = 0x60088000)
                [!provide]                        PROVIDE (SHA = 0x60089000)
                [!provide]                        PROVIDE (RSA = 0x6008a000)
                [!provide]                        PROVIDE (ECC = 0x6008b000)
                [!provide]                        PROVIDE (DS = 0x6008c000)
                [!provide]                        PROVIDE (HMAC = 0x6008d000)
                [!provide]                        PROVIDE (IO_MUX = 0x60090000)
                [!provide]                        PROVIDE (GPIO = 0x60091000)
                [!provide]                        PROVIDE (GPIO_EXT = 0x60091f00)
                [!provide]                        PROVIDE (SDM = 0x60091f00)
                [!provide]                        PROVIDE (GLITCH_FILTER = 0x60091f30)
                [!provide]                        PROVIDE (GPIO_ETM = 0x60091f60)
                [!provide]                        PROVIDE (MEM_MONITOR = 0x60092000)
                [!provide]                        PROVIDE (PAU = 0x60093000)
                [!provide]                        PROVIDE (HP_SYSTEM = 0x60095000)
                0x60096000                        PROVIDE (PCR = 0x60096000)
                [!provide]                        PROVIDE (TEE = 0x60098000)
                [!provide]                        PROVIDE (HP_APM = 0x60099000)
                [!provide]                        PROVIDE (IEEE802154 = 0x600a3000)
                [!provide]                        PROVIDE (MODEM_SYSCON = 0x600a9800)
                [!provide]                        PROVIDE (MODEM_LPCON = 0x600af000)
                0x600b0000                        PROVIDE (PMU = 0x600b0000)
                0x600b0400                        PROVIDE (LP_CLKRST = 0x600b0400)
                [!provide]                        PROVIDE (EFUSE = 0x600b0800)
                0x600b0c00                        PROVIDE (LP_TIMER = 0x600b0c00)
                0x600b1000                        PROVIDE (LP_AON = 0x600b1000)
                0x600b1400                        PROVIDE (LP_UART = 0x600b1400)
                0x600b1800                        PROVIDE (LP_I2C = 0x600b1800)
                [!provide]                        PROVIDE (LP_WDT = 0x600b1c00)
                0x600b2000                        PROVIDE (LP_IO = 0x600b2000)
                [!provide]                        PROVIDE (LP_I2C_ANA_MST = 0x600b2400)
                0x600b2800                        PROVIDE (LPPERI = 0x600b2800)
                [!provide]                        PROVIDE (LP_ANA_PERI = 0x600b2c00)
                [!provide]                        PROVIDE (LP_APM = 0x600b3800)
                [!provide]                        PROVIDE (OTP_DEBUG = 0x600b3c00)
LOAD CMakeFiles/ulp_drivers_lp_wake.dir/C_/Users/weyst/Documents/ProtoTracer-Remote/firmware/components/drivers/ulp/lp_wake_main.c.obj
LOAD CMakeFiles/ulp_drivers_lp_wake.dir/C_/esp/v6.0/esp-idf/components/ulp/lp_core/lp_core/start.S.obj
LOAD CMakeFiles/ulp_drivers_lp_wake.dir/C_/esp/v6.0/esp-idf/components/ulp/lp_core/lp_core/vector.S.obj
LOAD CMakeFiles/ulp_drivers_lp_wake.dir/C_/esp/v6.0/esp-idf/components/ulp/lp_core/lp_core/port/esp32c6/vector_table.S.obj
LOAD CMakeFiles/ulp_drivers_lp_wake.dir/C_/esp/v6.0/esp-idf/components/ulp/lp_core/shared/ulp_lp_core_memory_shared.c.obj
LOAD CMakeFiles/ulp_drivers_lp_wake.dir/C_/esp/v6.0/esp-idf/components/ulp/lp_core/shared/ulp_lp_core_lp_uart_shared.c.obj
LOAD CMakeFiles/ulp_drivers_lp_wake.dir/C_/esp/v6.0/esp-idf/components/esp_driver_uart/src/uart_wakeup.c.obj
LOAD CMakeFiles/ulp_drivers_lp_wake.dir/C_/esp/v6.0/esp-idf/components/ulp/lp_core/shared/ulp_lp_core_lp_timer_shared.c.obj
LOAD CMakeFiles/ulp_drivers_lp_wake.dir/C_/esp/v6.0/esp-idf/components/ulp/lp_core/lp_core/lp_core_startup.c.obj
LOAD CMakeFiles/ulp_drivers_lp_wake.dir/C_/esp/v6.0/esp-idf/components/ulp/lp_core/lp_core/lp_core_utils.c.obj
LOAD CMakeFiles/ulp_drivers_lp_wake.dir/C_/esp/v6.0/esp-idf/components/esp_hal_uart/uart_hal_iram.c.obj
LOAD CMakeFiles/ulp_drivers_lp_wake.dir/C_/esp/v6.0/esp-idf/components/esp_hal_uart/uart_hal.c.obj
LOAD CMakeFiles/ulp_drivers_lp_wake.dir/C_/esp/v6.0/esp-idf/components/ulp/lp_core/lp_core/lp_core_uart.c.obj
LOAD CMakeFiles/ulp_drivers_lp_wake.dir/C_/esp/v6.0/esp-idf/components/ulp/lp_core/lp_core/lp_core_print.c.obj
LOAD CMakeFiles/ulp_drivers_lp_wake.dir/C_/esp/v6.0/esp-idf/components/ulp/lp_core/lp_core/lp_core_panic.c.obj
LOAD CMakeFiles/ulp_drivers_lp_wake.dir/C_/esp/v6.0/esp-idf/components/ulp/lp_core/lp_core/lp_core_interrupt.c.obj
LOAD CMakeFiles/ulp_drivers_lp_wake.dir/C_/esp/v6.0/esp-idf/components/ulp/lp_core/lp_core/lp_core_i2c.c.obj
LOAD CMakeFiles/ulp_drivers_lp_wake.dir/C_/esp/v6.0/esp-idf/components/ulp/lp_core/lp_core/lp_core_spi.c.obj
LOAD CMakeFiles/ulp_drivers_lp_wake.dir/C_/esp/v6.0/esp-idf/components/ulp/lp_core/lp_core/lp_core_ubsan.c.obj
LOAD CMakeFiles/ulp_drivers_lp_wake.dir/C_/esp/v6.0/esp-idf/components/ulp/lp_core/lp_core/lp_core_mailbox.c.obj
LOAD CMakeFiles/ulp_drivers_lp_wake.dir/C_/esp/v6.0/esp-idf/components/ulp/lp_core/shared/ulp_lp_core_lp_adc_shared.c.obj
LOAD CMakeFiles/ulp_drivers_lp_wake.dir/C_/esp/v6.0/esp-idf/components/ulp/lp_core/shared/ulp_lp_core_lp_vad_shared.c.obj
LOAD CMakeFiles/ulp_drivers_lp_wake.dir/C_/esp/v6.0/esp-idf/components/ulp/lp_core/shared/ulp_lp_core_critical_section_shared.c.obj
LOAD CMakeFiles/ulp_drivers_lp_wake.dir/C_/esp/v6.0/esp-idf/components/ulp/lp_core/lp_core/port/lp_core_mailbox_impl_sw.c.obj
LOAD C:/Espressif/tools/riscv32-esp-elf/esp-15.2.0_20251204/riscv32-esp-elf/bin/../lib/gcc/riscv32-esp-elf/15.2.0/rv32imac_zicsr_zifencei_zaamo_zalrsc/ilp32\libgcc.a
LOAD C:/Espressif/tools/riscv32-esp-elf/esp-15.2.0_20251204/riscv32-esp-elf/bin/../lib/gcc/riscv32-esp-elf/15.2.0/../../../../riscv32-esp-elf/lib/rv32imac_zicsr_zifencei_zaamo_zalrsc/ilp32\libg_nano.a
LOAD C:/Espressif/tools/riscv32-esp-elf/esp-15.2.0_20251204/riscv32-esp-elf/bin/../lib/gcc/riscv32-esp-elf/15.2.0/../../../../riscv32-esp-elf/lib/rv32imac_zicsr_zifencei_zaamo_zalrsc/ilp32\libc_nano.a
LOAD C:/Espressif/tools/riscv32-esp-elf/esp-15.2.0_20251204/riscv32-esp-elf/bin/../lib/gcc/riscv32-esp-elf/15.2.0/rv32imac_zicsr_zifencei_zaamo_zalrsc/ilp32\libgcc.a
START GROUP
LOAD C:/Espressif/tools/riscv32-esp-elf/esp-15.2.0_20251204/riscv32-esp-elf/bin/../lib/gcc/riscv32-esp-elf/15.2.0/rv32imac_zicsr_zifencei_zaamo_zalrsc/ilp32\libgcc.a
LOAD C:/Espressif/tools/riscv32-esp-elf/esp-15.2.0_20251204/riscv32-esp-elf/bin/../lib/gcc/riscv32-esp-elf/15.2.0/../../../../riscv32-esp-elf/lib/rv32imac_zicsr_zifencei_zaamo_zalrsc/ilp32\libc_nano.a
LOAD C:/Espressif/tools/riscv32-esp-elf/esp-15.2.0_20251204/riscv32-esp-elf/bin/../lib/gcc/riscv32-esp-elf/15.2.0/../../../../riscv32-esp-elf/lib/rv32imac_zicsr_zifencei_zaamo_zalrsc/ilp32\libnosys.a
END GROUP
START GROUP
LOAD C:/Espressif/tools/riscv32-esp-elf/esp-15.2.0_20251204/riscv32-esp-elf/bin/../lib/gcc/riscv32-esp-elf/15.2.0/rv32imac_zicsr_zifencei_zaamo_zalrsc/ilp32\libgcc.a
LOAD C:/Espressif/tools/riscv32-esp-elf/esp-15.2.0_20251204/riscv32-esp-elf/bin/../lib/gcc/riscv32-esp-elf/15.2.0/../../../../riscv32-esp-elf/lib/rv32imac_zicsr_zifencei_zaamo_zalrsc/ilp32\libc_nano.a
LOAD C:/Espressif/tools/riscv32-esp-elf/esp-15.2.0_20251204/riscv32-esp-elf/bin/../lib/gcc/riscv32-esp-elf/15.2.0/../../../../riscv32-esp-elf/lib/rv32imac_zicsr_zifencei_zaamo_zalrsc/ilp32\libnosys.a
END GROUP

.vector.text    0x50000000       0x80
                0x50000000                        __mtvec_base = .
 *(.init.vector .init.vector.*)
 .init.vector   0x50000000       0x80 CMakeFiles/ulp_drivers_lp_wake.dir/C_/esp/v6.0/esp-idf/components/ulp/lp_core/lp_core/port/esp32c6/vector_table.S.obj
                0x50000000                _vector_table
                0x50000080                        . = ORIGIN (ram)

.text           0x50000080      0x358
 *(.text.vectors)
 .text.vectors  0x50000080       0x1a CMakeFiles/ulp_drivers_lp_wake.dir/C_/esp/v6.0/esp-idf/components/ulp/lp_core/lp_core/start.S.obj
                0x50000080                reset_vector
 *(.text)
 *(.text*)
 .text.startup.main
                0x5000009a       0x1c CMakeFiles/ulp_drivers_lp_wake.dir/C_/Users/weyst/Documents/ProtoTracer-Remote/firmware/components/drivers/ulp/lp_wake_main.c.obj
                0x5000009a                main
 .text.handlers
                0x500000b6       0xfa CMakeFiles/ulp_drivers_lp_wake.dir/C_/esp/v6.0/esp-idf/components/ulp/lp_core/lp_core/vector.S.obj
                0x500000b6                _panic_handler
                0x50000126                _interrupt_handler
 .text.ulp_lp_core_memory_shared_cfg_get
                0x500001b0        0xa CMakeFiles/ulp_drivers_lp_wake.dir/C_/esp/v6.0/esp-idf/components/ulp/lp_core/shared/ulp_lp_core_memory_shared.c.obj
                0x500001b0                ulp_lp_core_memory_shared_cfg_get
 .text.ulp_lp_core_lp_timer_get_cycle_count
                0x500001ba       0x26 CMakeFiles/ulp_drivers_lp_wake.dir/C_/esp/v6.0/esp-idf/components/ulp/lp_core/shared/ulp_lp_core_lp_timer_shared.c.obj
                0x500001ba                ulp_lp_core_lp_timer_get_cycle_count
 .text.ulp_lp_core_lp_timer_set_wakeup_ticks
                0x500001e0       0x52 CMakeFiles/ulp_drivers_lp_wake.dir/C_/esp/v6.0/esp-idf/components/ulp/lp_core/shared/ulp_lp_core_lp_timer_shared.c.obj
                0x500001e0                ulp_lp_core_lp_timer_set_wakeup_ticks
 .text.lp_core_startup
                0x50000232       0x1a CMakeFiles/ulp_drivers_lp_wake.dir/C_/esp/v6.0/esp-idf/components/ulp/lp_core/lp_core/lp_core_startup.c.obj
                0x50000232                lp_core_startup
 .text.ulp_lp_core_update_wakeup_cause
                0x5000024c       0xe4 CMakeFiles/ulp_drivers_lp_wake.dir/C_/esp/v6.0/esp-idf/components/ulp/lp_core/lp_core/lp_core_utils.c.obj
                0x5000024c                ulp_lp_core_update_wakeup_cause
 .text.ulp_lp_core_wakeup_main_processor
                0x50000330       0x14 CMakeFiles/ulp_drivers_lp_wake.dir/C_/esp/v6.0/esp-idf/components/ulp/lp_core/lp_core/lp_core_utils.c.obj
                0x50000330                ulp_lp_core_wakeup_main_processor
 .text.ulp_lp_core_halt
                0x50000344       0x18 CMakeFiles/ulp_drivers_lp_wake.dir/C_/esp/v6.0/esp-idf/components/ulp/lp_core/lp_core/lp_core_utils.c.obj
                0x50000344                ulp_lp_core_halt
 .text.ulp_lp_core_stop_lp_core
                0x5000035c       0x1c CMakeFiles/ulp_drivers_lp_wake.dir/C_/esp/v6.0/esp-idf/components/ulp/lp_core/lp_core/lp_core_utils.c.obj
                0x5000035c                ulp_lp_core_stop_lp_core
 .text.ulp_lp_core_abort
                0x50000378        0x8 CMakeFiles/ulp_drivers_lp_wake.dir/C_/esp/v6.0/esp-idf/components/ulp/lp_core/lp_core/lp_core_utils.c.obj
                0x50000378                ulp_lp_core_abort
 .text.ulp_lp_core_default_intr_handler
                0x50000380        0x6 CMakeFiles/ulp_drivers_lp_wake.dir/C_/esp/v6.0/esp-idf/components/ulp/lp_core/lp_core/lp_core_interrupt.c.obj
                0x50000380                ulp_lp_core_efuse_intr_handler
                0x50000380                ulp_lp_core_lp_touch_intr_handler
                0x50000380                ulp_lp_core_lp_adc_intr_handler
                0x50000380                ulp_lp_core_lp_ana_peri_intr_handler
                0x50000380                ulp_lp_core_trng_intr_handler
                0x50000380                ulp_lp_core_lp_uart_intr_handler
                0x50000380                ulp_lp_core_lp_spi_intr_handler
                0x50000380                ulp_lp_core_lp_io_intr_handler
                0x50000380                ulp_lp_core_lp_wdt_intr_handler
                0x50000380                ulp_lp_core_mailbox_intr_handler
                0x50000380                ulp_lp_core_lp_sysreg_intr_handler
                0x50000380                ulp_lp_core_tsens_intr_handler
                0x50000380                ulp_lp_core_lp_rtc_intr_handler
                0x50000380                ulp_lp_core_lp_timer_intr_handler
                0x50000380                ulp_lp_core_lp_pmu_intr_handler
                0x50000380                ulp_lp_core_lp_i2c_intr_handler
 .text.ulp_lp_core_panic_handler
                0x50000386        0x6 CMakeFiles/ulp_drivers_lp_wake.dir/C_/esp/v6.0/esp-idf/components/ulp/lp_core/lp_core/lp_core_interrupt.c.obj
                0x50000386                ulp_lp_core_panic_handler
 .text.ulp_lp_core_intr_handler
                0x5000038c       0x4c CMakeFiles/ulp_drivers_lp_wake.dir/C_/esp/v6.0/esp-idf/components/ulp/lp_core/lp_core/lp_core_interrupt.c.obj
                0x5000038c                ulp_lp_core_intr_handler

.rodata         0x500003d8       0x18
 *(.rodata)
 *(.rodata*)
 .rodata.s_intr_handlers
                0x500003d8       0x18 CMakeFiles/ulp_drivers_lp_wake.dir/C_/esp/v6.0/esp-idf/components/ulp/lp_core/lp_core/lp_core_interrupt.c.obj

.rela.dyn       0x500003f0        0x0
 .rela.text.startup.main
                0x500003f0        0x0 CMakeFiles/ulp_drivers_lp_wake.dir/C_/Users/weyst/Documents/ProtoTracer-Remote/firmware/components/drivers/ulp/lp_wake_main.c.obj
 .rela.text.vectors
                0x500003f0        0x0 CMakeFiles/ulp_drivers_lp_wake.dir/C_/Users/weyst/Documents/ProtoTracer-Remote/firmware/components/drivers/ulp/lp_wake_main.c.obj
 .rela.text.ulp_lp_core_lp_timer_get_cycle_count
                0x500003f0        0x0 CMakeFiles/ulp_drivers_lp_wake.dir/C_/Users/weyst/Documents/ProtoTracer-Remote/firmware/components/drivers/ulp/lp_wake_main.c.obj
 .rela.text.ulp_lp_core_lp_timer_set_wakeup_ticks
                0x500003f0        0x0 CMakeFiles/ulp_drivers_lp_wake.dir/C_/Users/weyst/Documents/ProtoTracer-Remote/firmware/components/drivers/ulp/lp_wake_main.c.obj
 .rela.text.ulp_lp_core_update_wakeup_cause
                0x500003f0        0x0 CMakeFiles/ulp_drivers_lp_wake.dir/C_/Users/weyst/Documents/ProtoTracer-Remote/firmware/components/drivers/ulp/lp_wake_main.c.obj
 .rela.text.ulp_lp_core_halt
                0x500003f0        0x0 CMakeFiles/ulp_drivers_lp_wake.dir/C_/Users/weyst/Documents/ProtoTracer-Remote/firmware/components/drivers/ulp/lp_wake_main.c.obj
 .rela.text.ulp_lp_core_stop_lp_core
                0x500003f0        0x0 CMakeFiles/ulp_drivers_lp_wake.dir/C_/Users/weyst/Documents/ProtoTracer-Remote/firmware/components/drivers/ulp/lp_wake_main.c.obj
 .rela.text.ulp_lp_core_intr_handler
                0x500003f0        0x0 CMakeFiles/ulp_drivers_lp_wake.dir/C_/Users/weyst/Documents/ProtoTracer-Remote/firmware/components/drivers/ulp/lp_wake_main.c.obj
 .rela.rodata.s_intr_handlers
                0x500003f0        0x0 CMakeFiles/ulp_drivers_lp_wake.dir/C_/Users/weyst/Documents/ProtoTracer-Remote/firmware/components/drivers/ulp/lp_wake_main.c.obj

.data
 *(.data)
 *(.data*)
 *(.sdata)
 *(.sdata*)

.bss            0x500003f0        0x4
 *(.bss)
 *(.bss*)
 *(.sbss)
 *(.sbss*)
 .sbss.lp_wakeup_cause
                0x500003f0        0x4 CMakeFiles/ulp_drivers_lp_wake.dir/C_/esp/v6.0/esp-idf/components/ulp/lp_core/lp_core/lp_core_utils.c.obj
                [!provide]                        PROVIDE (end = .)
                0x50001fb0                        __stack_top = (ORIGIN (ram) + LENGTH (ram))
                0x50001fb0                        . = ORIGIN (shared_mem_ram)

.shared_mem     0x50001fb0       0x10
 *(.shared_mem)
 .shared_mem    0x50001fb0       0x10 CMakeFiles/ulp_drivers_lp_wake.dir/C_/esp/v6.0/esp-idf/components/ulp/lp_core/shared/ulp_lp_core_memory_shared.c.obj
OUTPUT(ulp_drivers_lp_wake.elf elf32-littleriscv)

.debug_info     0x00000000     0x7731
 .debug_info    0x00000000      0x7fc CMakeFiles/ulp_drivers_lp_wake.dir/C_/Users/weyst/Documents/ProtoTracer-Remote/firmware/components/drivers/ulp/lp_wake_main.c.obj
 .debug_info    0x000007fc       0x24 CMakeFiles/ulp_drivers_lp_wake.dir/C_/esp/v6.0/esp-idf/components/ulp/lp_core/lp_core/start.S.obj
 .debug_info    0x00000820       0x25 CMakeFiles/ulp_drivers_lp_wake.dir/C_/esp/v6.0/esp-idf/components/ulp/lp_core/lp_core/vector.S.obj
 .debug_info    0x00000845       0x33 CMakeFiles/ulp_drivers_lp_wake.dir/C_/esp/v6.0/esp-idf/components/ulp/lp_core/lp_core/port/esp32c6/vector_table.S.obj
 .debug_info    0x00000878       0xf2 CMakeFiles/ulp_drivers_lp_wake.dir/C_/esp/v6.0/esp-idf/components/ulp/lp_core/shared/ulp_lp_core_memory_shared.c.obj
 .debug_info    0x0000096a      0xb5b CMakeFiles/ulp_drivers_lp_wake.dir/C_/esp/v6.0/esp-idf/components/ulp/lp_core/shared/ulp_lp_core_lp_timer_shared.c.obj
 .debug_info    0x000014c5      0x166 CMakeFiles/ulp_drivers_lp_wake.dir/C_/esp/v6.0/esp-idf/components/ulp/lp_core/lp_core/lp_core_startup.c.obj
 .debug_info    0x0000162b     0x5872 CMakeFiles/ulp_drivers_lp_wake.dir/C_/esp/v6.0/esp-idf/components/ulp/lp_core/lp_core/lp_core_utils.c.obj
 .debug_info    0x00006e9d      0x894 CMakeFiles/ulp_drivers_lp_wake.dir/C_/esp/v6.0/esp-idf/components/ulp/lp_core/lp_core/lp_core_interrupt.c.obj

.debug_abbrev   0x00000000      0xdf4
 .debug_abbrev  0x00000000      0x1e8 CMakeFiles/ulp_drivers_lp_wake.dir/C_/Users/weyst/Documents/ProtoTracer-Remote/firmware/components/drivers/ulp/lp_wake_main.c.obj
 .debug_abbrev  0x000001e8       0x14 CMakeFiles/ulp_drivers_lp_wake.dir/C_/esp/v6.0/esp-idf/components/ulp/lp_core/lp_core/start.S.obj
 .debug_abbrev  0x000001fc       0x14 CMakeFiles/ulp_drivers_lp_wake.dir/C_/esp/v6.0/esp-idf/components/ulp/lp_core/lp_core/vector.S.obj
 .debug_abbrev  0x00000210       0x28 CMakeFiles/ulp_drivers_lp_wake.dir/C_/esp/v6.0/esp-idf/components/ulp/lp_core/lp_core/port/esp32c6/vector_table.S.obj
 .debug_abbrev  0x00000238       0x96 CMakeFiles/ulp_drivers_lp_wake.dir/C_/esp/v6.0/esp-idf/components/ulp/lp_core/shared/ulp_lp_core_memory_shared.c.obj
 .debug_abbrev  0x000002ce      0x30d CMakeFiles/ulp_drivers_lp_wake.dir/C_/esp/v6.0/esp-idf/components/ulp/lp_core/shared/ulp_lp_core_lp_timer_shared.c.obj
 .debug_abbrev  0x000005db       0xfb CMakeFiles/ulp_drivers_lp_wake.dir/C_/esp/v6.0/esp-idf/components/ulp/lp_core/lp_core/lp_core_startup.c.obj
 .debug_abbrev  0x000006d6      0x4e9 CMakeFiles/ulp_drivers_lp_wake.dir/C_/esp/v6.0/esp-idf/components/ulp/lp_core/lp_core/lp_core_utils.c.obj
 .debug_abbrev  0x00000bbf      0x235 CMakeFiles/ulp_drivers_lp_wake.dir/C_/esp/v6.0/esp-idf/components/ulp/lp_core/lp_core/lp_core_interrupt.c.obj

.debug_aranges  0x00000000      0x1d8
 .debug_aranges
                0x00000000       0x20 CMakeFiles/ulp_drivers_lp_wake.dir/C_/Users/weyst/Documents/ProtoTracer-Remote/firmware/components/drivers/ulp/lp_wake_main.c.obj
 .debug_aranges
                0x00000020       0x20 CMakeFiles/ulp_drivers_lp_wake.dir/C_/esp/v6.0/esp-idf/components/ulp/lp_core/lp_core/start.S.obj
 .debug_aranges
                0x00000040       0x20 CMakeFiles/ulp_drivers_lp_wake.dir/C_/esp/v6.0/esp-idf/components/ulp/lp_core/lp_core/vector.S.obj
 .debug_aranges
                0x00000060       0x20 CMakeFiles/ulp_drivers_lp_wake.dir/C_/esp/v6.0/esp-idf/components/ulp/lp_core/lp_core/port/esp32c6/vector_table.S.obj
 .debug_aranges
                0x00000080       0x20 CMakeFiles/ulp_drivers_lp_wake.dir/C_/esp/v6.0/esp-idf/components/ulp/lp_core/shared/ulp_lp_core_memory_shared.c.obj
 .debug_aranges
                0x000000a0       0x40 CMakeFiles/ulp_drivers_lp_wake.dir/C_/esp/v6.0/esp-idf/components/ulp/lp_core/shared/ulp_lp_core_lp_timer_shared.c.obj
 .debug_aranges
                0x000000e0       0x20 CMakeFiles/ulp_drivers_lp_wake.dir/C_/esp/v6.0/esp-idf/components/ulp/lp_core/lp_core/lp_core_startup.c.obj
 .debug_aranges
                0x00000100       0x98 CMakeFiles/ulp_drivers_lp_wake.dir/C_/esp/v6.0/esp-idf/components/ulp/lp_core/lp_core/lp_core_utils.c.obj
 .debug_aranges
                0x00000198       0x40 CMakeFiles/ulp_drivers_lp_wake.dir/C_/esp/v6.0/esp-idf/components/ulp/lp_core/lp_core/lp_core_interrupt.c.obj

.debug_rnglists
                0x00000000      0x1c7
 .debug_rnglists
                0x00000000       0x1f CMakeFiles/ulp_drivers_lp_wake.dir/C_/Users/weyst/Documents/ProtoTracer-Remote/firmware/components/drivers/ulp/lp_wake_main.c.obj
 .debug_rnglists
                0x0000001f       0x13 CMakeFiles/ulp_drivers_lp_wake.dir/C_/esp/v6.0/esp-idf/components/ulp/lp_core/shared/ulp_lp_core_memory_shared.c.obj
 .debug_rnglists
                0x00000032       0xcb CMakeFiles/ulp_drivers_lp_wake.dir/C_/esp/v6.0/esp-idf/components/ulp/lp_core/shared/ulp_lp_core_lp_timer_shared.c.obj
 .debug_rnglists
                0x000000fd       0x13 CMakeFiles/ulp_drivers_lp_wake.dir/C_/esp/v6.0/esp-idf/components/ulp/lp_core/lp_core/lp_core_startup.c.obj
 .debug_rnglists
                0x00000110       0x7a CMakeFiles/ulp_drivers_lp_wake.dir/C_/esp/v6.0/esp-idf/components/ulp/lp_core/lp_core/lp_core_utils.c.obj
 .debug_rnglists
                0x0000018a       0x3d CMakeFiles/ulp_drivers_lp_wake.dir/C_/esp/v6.0/esp-idf/components/ulp/lp_core/lp_core/lp_core_interrupt.c.obj

.debug_line     0x00000000     0x13b1
 .debug_line    0x00000000       0xe3 CMakeFiles/ulp_drivers_lp_wake.dir/C_/Users/weyst/Documents/ProtoTracer-Remote/firmware/components/drivers/ulp/lp_wake_main.c.obj
 .debug_line    0x000000e3       0x68 CMakeFiles/ulp_drivers_lp_wake.dir/C_/esp/v6.0/esp-idf/components/ulp/lp_core/lp_core/start.S.obj
 .debug_line    0x0000014b       0xd5 CMakeFiles/ulp_drivers_lp_wake.dir/C_/esp/v6.0/esp-idf/components/ulp/lp_core/lp_core/vector.S.obj
 .debug_line    0x00000220       0x56 CMakeFiles/ulp_drivers_lp_wake.dir/C_/esp/v6.0/esp-idf/components/ulp/lp_core/lp_core/port/esp32c6/vector_table.S.obj
 .debug_line    0x00000276       0x76 CMakeFiles/ulp_drivers_lp_wake.dir/C_/esp/v6.0/esp-idf/components/ulp/lp_core/shared/ulp_lp_core_memory_shared.c.obj
 .debug_line    0x000002ec      0x51c CMakeFiles/ulp_drivers_lp_wake.dir/C_/esp/v6.0/esp-idf/components/ulp/lp_core/shared/ulp_lp_core_lp_timer_shared.c.obj
 .debug_line    0x00000808       0xcf CMakeFiles/ulp_drivers_lp_wake.dir/C_/esp/v6.0/esp-idf/components/ulp/lp_core/lp_core/lp_core_startup.c.obj
 .debug_line    0x000008d7      0x877 CMakeFiles/ulp_drivers_lp_wake.dir/C_/esp/v6.0/esp-idf/components/ulp/lp_core/lp_core/lp_core_utils.c.obj
 .debug_line    0x0000114e      0x263 CMakeFiles/ulp_drivers_lp_wake.dir/C_/esp/v6.0/esp-idf/components/ulp/lp_core/lp_core/lp_core_interrupt.c.obj

.debug_str      0x00000000     0x3699
 .debug_str     0x00000000     0x3699 CMakeFiles/ulp_drivers_lp_wake.dir/C_/Users/weyst/Documents/ProtoTracer-Remote/firmware/components/drivers/ulp/lp_wake_main.c.obj
                                0x5d8 (size before relaxing)
 .debug_str     0x00003699        0x0 CMakeFiles/ulp_drivers_lp_wake.dir/C_/esp/v6.0/esp-idf/components/ulp/lp_core/lp_core/start.S.obj
                                 0xac (size before relaxing)
 .debug_str     0x00003699        0x0 CMakeFiles/ulp_drivers_lp_wake.dir/C_/esp/v6.0/esp-idf/components/ulp/lp_core/lp_core/vector.S.obj
                                 0xad (size before relaxing)
 .debug_str     0x00003699        0x0 CMakeFiles/ulp_drivers_lp_wake.dir/C_/esp/v6.0/esp-idf/components/ulp/lp_core/lp_core/port/esp32c6/vector_table.S.obj
                                 0xce (size before relaxing)
 .debug_str     0x00003699        0x0 CMakeFiles/ulp_drivers_lp_wake.dir/C_/esp/v6.0/esp-idf/components/ulp/lp_core/shared/ulp_lp_core_memory_shared.c.obj
                                0x1ee (size before relaxing)
 .debug_str     0x00003699        0x0 CMakeFiles/ulp_drivers_lp_wake.dir/C_/esp/v6.0/esp-idf/components/ulp/lp_core/shared/ulp_lp_core_lp_timer_shared.c.obj
                                0x592 (size before relaxing)
 .debug_str     0x00003699        0x0 CMakeFiles/ulp_drivers_lp_wake.dir/C_/esp/v6.0/esp-idf/components/ulp/lp_core/lp_core/lp_core_startup.c.obj
                                0x258 (size before relaxing)
 .debug_str     0x00003699        0x0 CMakeFiles/ulp_drivers_lp_wake.dir/C_/esp/v6.0/esp-idf/components/ulp/lp_core/lp_core/lp_core_utils.c.obj
                               0x3408 (size before relaxing)
 .debug_str     0x00003699        0x0 CMakeFiles/ulp_drivers_lp_wake.dir/C_/esp/v6.0/esp-idf/components/ulp/lp_core/lp_core/lp_core_interrupt.c.obj
                                0x655 (size before relaxing)

.debug_line_str
                0x00000000      0x8c2
 .debug_line_str
                0x00000000      0x8c2 CMakeFiles/ulp_drivers_lp_wake.dir/C_/Users/weyst/Documents/ProtoTracer-Remote/firmware/components/drivers/ulp/lp_wake_main.c.obj
                                0x2e7 (size before relaxing)
 .debug_line_str
                0x000008c2        0x0 CMakeFiles/ulp_drivers_lp_wake.dir/C_/esp/v6.0/esp-idf/components/ulp/lp_core/lp_core/start.S.obj
                                 0xa0 (size before relaxing)
 .debug_line_str
                0x000008c2        0x0 CMakeFiles/ulp_drivers_lp_wake.dir/C_/esp/v6.0/esp-idf/components/ulp/lp_core/lp_core/vector.S.obj
                                 0xa1 (size before relaxing)
 .debug_line_str
                0x000008c2        0x0 CMakeFiles/ulp_drivers_lp_wake.dir/C_/esp/v6.0/esp-idf/components/ulp/lp_core/lp_core/port/esp32c6/vector_table.S.obj
                                 0xb4 (size before relaxing)
 .debug_line_str
                0x000008c2        0x0 CMakeFiles/ulp_drivers_lp_wake.dir/C_/esp/v6.0/esp-idf/components/ulp/lp_core/shared/ulp_lp_core_memory_shared.c.obj
                                0x22e (size before relaxing)
 .debug_line_str
                0x000008c2        0x0 CMakeFiles/ulp_drivers_lp_wake.dir/C_/esp/v6.0/esp-idf/components/ulp/lp_core/shared/ulp_lp_core_lp_timer_shared.c.obj
                                0x2c9 (size before relaxing)
 .debug_line_str
                0x000008c2        0x0 CMakeFiles/ulp_drivers_lp_wake.dir/C_/esp/v6.0/esp-idf/components/ulp/lp_core/lp_core/lp_core_startup.c.obj
                                0x289 (size before relaxing)
 .debug_line_str
                0x000008c2        0x0 CMakeFiles/ulp_drivers_lp_wake.dir/C_/esp/v6.0/esp-idf/components/ulp/lp_core/lp_core/lp_core_utils.c.obj
                                0x537 (size before relaxing)
 .debug_line_str
                0x000008c2        0x0 CMakeFiles/ulp_drivers_lp_wake.dir/C_/esp/v6.0/esp-idf/components/ulp/lp_core/lp_core/lp_core_interrupt.c.obj
                                0x2eb (size before relaxing)

.comment        0x00000000       0x2f
 .comment       0x00000000       0x2f CMakeFiles/ulp_drivers_lp_wake.dir/C_/Users/weyst/Documents/ProtoTracer-Remote/firmware/components/drivers/ulp/lp_wake_main.c.obj
                                 0x30 (size before relaxing)
 .comment       0x0000002f        0x0 CMakeFiles/ulp_drivers_lp_wake.dir/C_/esp/v6.0/esp-idf/components/ulp/lp_core/shared/ulp_lp_core_memory_shared.c.obj
                                 0x30 (size before relaxing)
 .comment       0x0000002f        0x0 CMakeFiles/ulp_drivers_lp_wake.dir/C_/esp/v6.0/esp-idf/components/ulp/lp_core/shared/ulp_lp_core_lp_timer_shared.c.obj
                                 0x30 (size before relaxing)
 .comment       0x0000002f        0x0 CMakeFiles/ulp_drivers_lp_wake.dir/C_/esp/v6.0/esp-idf/components/ulp/lp_core/lp_core/lp_core_startup.c.obj
                                 0x30 (size before relaxing)
 .comment       0x0000002f        0x0 CMakeFiles/ulp_drivers_lp_wake.dir/C_/esp/v6.0/esp-idf/components/ulp/lp_core/lp_core/lp_core_utils.c.obj
                                 0x30 (size before relaxing)
 .comment       0x0000002f        0x0 CMakeFiles/ulp_drivers_lp_wake.dir/C_/esp/v6.0/esp-idf/components/ulp/lp_core/lp_core/lp_core_interrupt.c.obj
                                 0x30 (size before relaxing)

.note.GNU-stack
                0x00000000        0x0
 .note.GNU-stack
                0x00000000        0x0 CMakeFiles/ulp_drivers_lp_wake.dir/C_/Users/weyst/Documents/ProtoTracer-Remote/firmware/components/drivers/ulp/lp_wake_main.c.obj
 .note.GNU-stack
                0x00000000        0x0 CMakeFiles/ulp_drivers_lp_wake.dir/C_/esp/v6.0/esp-idf/components/ulp/lp_core/shared/ulp_lp_core_memory_shared.c.obj
 .note.GNU-stack
                0x00000000        0x0 CMakeFiles/ulp_drivers_lp_wake.dir/C_/esp/v6.0/esp-idf/components/ulp/lp_core/shared/ulp_lp_core_lp_timer_shared.c.obj
 .note.GNU-stack
                0x00000000        0x0 CMakeFiles/ulp_drivers_lp_wake.dir/C_/esp/v6.0/esp-idf/components/ulp/lp_core/lp_core/lp_core_startup.c.obj
 .note.GNU-stack
                0x00000000        0x0 CMakeFiles/ulp_drivers_lp_wake.dir/C_/esp/v6.0/esp-idf/components/ulp/lp_core/lp_core/lp_core_utils.c.obj
 .note.GNU-stack
                0x00000000        0x0 CMakeFiles/ulp_drivers_lp_wake.dir/C_/esp/v6.0/esp-idf/components/ulp/lp_core/lp_core/lp_core_interrupt.c.obj

.riscv.attributes
                0x00000000       0x67
 .riscv.attributes
                0x00000000       0x63 CMakeFiles/ulp_drivers_lp_wake.dir/C_/Users/weyst/Documents/ProtoTracer-Remote/firmware/components/drivers/ulp/lp_wake_main.c.obj
 .riscv.attributes
                0x00000063       0x65 CMakeFiles/ulp_drivers_lp_wake.dir/C_/esp/v6.0/esp-idf/components/ulp/lp_core/lp_core/start.S.obj
 .riscv.attributes
                0x000000c8       0x65 CMakeFiles/ulp_drivers_lp_wake.dir/C_/esp/v6.0/esp-idf/components/ulp/lp_core/lp_core/vector.S.obj
 .riscv.attributes
                0x0000012d       0x61 CMakeFiles/ulp_drivers_lp_wake.dir/C_/esp/v6.0/esp-idf/components/ulp/lp_core/lp_core/port/esp32c6/vector_table.S.obj
 .riscv.attributes
                0x0000018e       0x63 CMakeFiles/ulp_drivers_lp_wake.dir/C_/esp/v6.0/esp-idf/components/ulp/lp_core/shared/ulp_lp_core_memory_shared.c.obj
 .riscv.attributes
                0x000001f1       0x63 CMakeFiles/ulp_drivers_lp_wake.dir/C_/esp/v6.0/esp-idf/components/ulp/lp_core/shared/ulp_lp_core_lp_timer_shared.c.obj
 .riscv.attributes
                0x00000254       0x63 CMakeFiles/ulp_drivers_lp_wake.dir/C_/esp/v6.0/esp-idf/components/ulp/lp_core/lp_core/lp_core_startup.c.obj
 .riscv.attributes
                0x000002b7       0x67 CMakeFiles/ulp_drivers_lp_wake.dir/C_/esp/v6.0/esp-idf/components/ulp/lp_core/lp_core/lp_core_utils.c.obj
 .riscv.attributes
                0x0000031e       0x67 CMakeFiles/ulp_drivers_lp_wake.dir/C_/esp/v6.0/esp-idf/components/ulp/lp_core/lp_core/lp_core_interrupt.c.obj

.debug_frame    0x00000000      0x2c8
 .debug_frame   0x00000000       0x2c CMakeFiles/ulp_drivers_lp_wake.dir/C_/Users/weyst/Documents/ProtoTracer-Remote/firmware/components/drivers/ulp/lp_wake_main.c.obj
 .debug_frame   0x0000002c       0x20 CMakeFiles/ulp_drivers_lp_wake.dir/C_/esp/v6.0/esp-idf/components/ulp/lp_core/shared/ulp_lp_core_memory_shared.c.obj
 .debug_frame   0x0000004c       0xa4 CMakeFiles/ulp_drivers_lp_wake.dir/C_/esp/v6.0/esp-idf/components/ulp/lp_core/shared/ulp_lp_core_lp_timer_shared.c.obj
 .debug_frame   0x000000f0       0x28 CMakeFiles/ulp_drivers_lp_wake.dir/C_/esp/v6.0/esp-idf/components/ulp/lp_core/lp_core/lp_core_startup.c.obj
 .debug_frame   0x00000118      0x120 CMakeFiles/ulp_drivers_lp_wake.dir/C_/esp/v6.0/esp-idf/components/ulp/lp_core/lp_core/lp_core_utils.c.obj
 .debug_frame   0x00000238       0x90 CMakeFiles/ulp_drivers_lp_wake.dir/C_/esp/v6.0/esp-idf/components/ulp/lp_core/lp_core/lp_core_interrupt.c.obj

.debug_loclists
                0x00000000      0x3ec
 .debug_loclists
                0x00000000      0x1e3 CMakeFiles/ulp_drivers_lp_wake.dir/C_/esp/v6.0/esp-idf/components/ulp/lp_core/shared/ulp_lp_core_lp_timer_shared.c.obj
 .debug_loclists
                0x000001e3       0x27 CMakeFiles/ulp_drivers_lp_wake.dir/C_/esp/v6.0/esp-idf/components/ulp/lp_core/lp_core/lp_core_startup.c.obj
 .debug_loclists
                0x0000020a      0x171 CMakeFiles/ulp_drivers_lp_wake.dir/C_/esp/v6.0/esp-idf/components/ulp/lp_core/lp_core/lp_core_utils.c.obj
 .debug_loclists
                0x0000037b       0x71 CMakeFiles/ulp_drivers_lp_wake.dir/C_/esp/v6.0/esp-idf/components/ulp/lp_core/lp_core/lp_core_interrupt.c.obj
